► starting migration of custom resources
⚠️ testdata/migrate/file-system/single-file.yaml:13: unexpected GroupVersion string: image.toolkit.fluxcd.io/v1/v2
✚ testdata/migrate/file-system/single-file.yaml:1: ImageRepository v1beta1 -> v1
✚ testdata/migrate/file-system/single-file.yaml:7: ImagePolicy v1beta2 -> v1
✔ file testdata/migrate/file-system/single-file.yaml migrated successfully
✔ custom resources migrated successfully
