NAME          	REVISION          	SUSPENDED	READY	MESSAGE                              
podinfo       	main@sha1:696f056d	False    	True 	Fetched revision: main@sha1:696f056d	
podinfo-shard1	main@sha1:696f056d	False    	True 	Fetched revision: main@sha1:696f056d	
podinfo-shard2	main@sha1:696f056d	False    	True 	Fetched revision: main@sha1:696f056d	
