► Deployment/default/podinfo created
► HorizontalPodAutoscaler/default/podinfo created
► Service/default/podinfo created
► Secret/default/docker-secret created
► Secret/default/secret-basic-auth-stringdata drifted

data
  - one map entry removed:     + one map entry added:
    username1: "*****"           username: "*****"

► Secret/default/podinfo-token-77t89m9b67 created
► Secret/default/db-user-pass-bkbd782d2c created
