► Kustomization/{{ .fluxns }}/cascade-child deleted
📁 Kustomization/{{ .fluxns }}/cascade-child deleted resources
► ConfigMap/{{ .fluxns }}/cascade-config deleted
► Kustomization/{{ .fluxns }}/cascade-grandchild deleted
📁 Kustomization/{{ .fluxns }}/cascade-grandchild deleted resources
► Secret/{{ .fluxns }}/cascade-secret deleted
