► annotating GitRepository tkfg in {{ .ns }} namespace
✔ GitRepository annotated
◎ waiting for GitRepository reconciliation
✔ fetched revision 6.3.5@sha1:67e2c98a60dc92283531412a9e604dd4bae005a9
► annotating Kustomization tkfg in {{ .ns }} namespace
✔ Kustomization annotated
◎ waiting for Kustomization reconciliation
✔ applied revision 6.3.5@sha1:67e2c98a60dc92283531412a9e604dd4bae005a9
