► annotating GitRepository thrfg in {{ .ns }} namespace
✔ GitRepository annotated
◎ waiting for GitRepository reconciliation
✔ fetched revision 6.0.0/627d5c4bb67b77185f37e31d734b085019ff2951
► annotating HelmRelease thrfg in {{ .ns }} namespace
✔ HelmRelease annotated
◎ waiting for HelmRelease reconciliation
✔ applied revision 6.0.0
